******************************************************************************
                  TI ARM Linker PC v20.2.0                     
******************************************************************************
>> Linked Mon Mar  1 16:30:25 2021

OUTPUT FILE NAME:   <Binary Calculator.out>
ENTRY POINT SYMBOL: "_c_int00_noargs"  address: 00002911


MEMORY CONFIGURATION

         name            origin    length      used     unused   attr    fill
----------------------  --------  ---------  --------  --------  ----  --------
  MAIN                  00000000   00040000  00002b51  0003d4af  R  X
  INFO                  00200000   00004000  00000000  00004000  R  X
  SRAM_CODE             01000000   00010000  00000208  0000fdf8  RW X
  SRAM_DATA             20000000   00010000  00000208  0000fdf8  RW  


SEGMENT ALLOCATION MAP

run origin  load origin   length   init length attrs members
----------  ----------- ---------- ----------- ----- -------
00000000    00000000    00002b54   00002b54    r-x
  00000000    00000000    000000e4   000000e4    r-- .intvecs
  000000e4    000000e4    00002950   00002950    r-x .text
  00002a34    00002a34    00000101   00000101    r-- .const
  00002b38    00002b38    0000001c   0000001c    r-- .cinit
20000000    20000000    00000008   00000000    rw-
  20000000    20000000    00000008   00000000    rw- .data
2000fe00    2000fe00    00000200   00000000    rw-
  2000fe00    2000fe00    00000200   00000000    rw- .stack


SECTION ALLOCATION MAP

 output                                  attributes/
section   page    origin      length       input sections
--------  ----  ----------  ----------   ----------------
.intvecs   0    00000000    000000e4     
                  00000000    000000e4     startup_msp432p401r_ccs.obj (.intvecs:retain)

.text      0    000000e4    00002950     
                  000000e4    00000a4e     rtsv7M4_T_le_v4SPD16_eabi.lib : _printfi.c.obj (.text:__TI_printfi)
                  00000b32    00000002                                   : div0.asm.obj (.text)
                  00000b34    00000444     binary_calculator.obj (.text)
                  00000f78    00000334     system_msp432p401r.obj (.text)
                  000012ac    0000027c     lcdLib_432.obj (.text)
                  00001528    00000270     rtsv7M4_T_le_v4SPD16_eabi.lib : _printfi.c.obj (.text:_pconv_a)
                  00001798    000001d0                                   : _printfi.c.obj (.text:_pconv_g)
                  00001968    000001b6                                   : fd_add_t2.asm.obj (.text)
                  00001b1e    00000002     --HOLE-- [fill = 0]
                  00001b20    0000013c                                   : _printfi.c.obj (.text:_pconv_e)
                  00001c5c    00000136                                   : fd_div_t2.asm.obj (.text)
                  00001d92    00000002     --HOLE-- [fill = 0]
                  00001d94    00000124                                   : _printfi.c.obj (.text:fcvt)
                  00001eb8    0000011c     main.obj (.text)
                  00001fd4    00000110     rtsv7M4_T_le_v4SPD16_eabi.lib : s_scalbn.c.obj (.text:scalbn)
                  000020e4    000000fc                                   : fd_mul_t2.asm.obj (.text)
                  000021e0    000000b1                                   : _printfi.c.obj (.text:_ltostr)
                  00002291    00000001     --HOLE-- [fill = 0]
                  00002292    0000009c                                   : memcpy_t2.asm.obj (.text)
                  0000232e    00000096                                   : ull_div_t2.asm.obj (.text)
                  000023c4    00000086                                   : fd_cmp_t2.asm.obj (.text:__aeabi_cdcmple)
                  0000244a    00000086                                   : fd_cmp_t2.asm.obj (.text:__aeabi_cdrcmple)
                  000024d0    0000007a                                   : memset_t2.asm.obj (.text)
                  0000254a    0000006e                                   : _printfi.c.obj (.text:_mcpy)
                  000025b8    00000068                                   : copy_decompress_lzss.c.obj (.text:decompress:lzss:__TI_decompress_lzss)
                  00002620    00000064                                   : s_frexp.c.obj (.text:frexp)
                  00002684    00000056                                   : _printfi.c.obj (.text:_pconv_f)
                  000026da    00000054                                   : _ltoa.c.obj (.text:__TI_ltoa)
                  0000272e    00000052                                   : _printfi.c.obj (.text:_ecpy)
                  00002780    0000004c                                   : atoi.c.obj (.text:atoi)
                  000027cc    00000048                                   : fd_toi_t2.asm.obj (.text)
                  00002814    00000044                                   : autoinit.c.obj (.text:__TI_auto_init_nobinit_nopinit:__TI_auto_init_nobinit_nopinit)
                  00002858    00000040                                   : sprintf.c.obj (.text:sprintf)
                  00002898    0000003e                                   : _printfi.c.obj (.text:_fcpy)
                  000028d6    00000038                                   : fs_tod_t2.asm.obj (.text)
                  0000290e    00000002     --HOLE-- [fill = 0]
                  00002910    00000034                                   : boot_cortex_m.c.obj (.text:_c_int00_noargs:_c_int00_noargs)
                  00002944    0000002e                                   : i_tofd_t2.asm.obj (.text)
                  00002972    0000001c                                   : memccpy.c.obj (.text:memccpy)
                  0000298e    0000001a                                   : s_copysign.c.obj (.text:copysign)
                  000029a8    00000018                                   : sprintf.c.obj (.text:_outs)
                  000029c0    00000016                                   : strchr.c.obj (.text:strchr)
                  000029d6    00000014                                   : strlen.c.obj (.text:strlen)
                  000029ea    00000012                                   : wcslen.c.obj (.text:wcslen)
                  000029fc    0000000e                                   : copy_decompress_none.c.obj (.text:decompress:none:__TI_decompress_none)
                  00002a0a    0000000e     startup_msp432p401r_ccs.obj (.text)
                  00002a18    0000000a     rtsv7M4_T_le_v4SPD16_eabi.lib : sprintf.c.obj (.text:_outc)
                  00002a22    00000002     --HOLE-- [fill = 0]
                  00002a24    00000008                                   : errno.c.obj (.text:__aeabi_errno_addr)
                  00002a2c    00000004                                   : pre_init.c.obj (.text:_system_pre_init)
                  00002a30    00000004                                   : exit.c.obj (.text:abort:abort)

.const     0    00002a34    00000101     
                  00002a34    00000101     rtsv7M4_T_le_v4SPD16_eabi.lib : ctype.c.obj (.const:.string:_ctypes_)

.cinit     0    00002b38    0000001c     
                  00002b38    0000000b     (.cinit..data.load) [load image, compression = lzss]
                  00002b43    00000001     --HOLE-- [fill = 0]
                  00002b44    00000008     (__TI_handler_table)
                  00002b4c    00000008     (__TI_cinit_table)

.init_array 
*          0    00000000    00000000     UNINITIALIZED

.binit     0    00000000    00000000     

.data      0    20000000    00000008     UNINITIALIZED
                  20000000    00000004     rtsv7M4_T_le_v4SPD16_eabi.lib : errno.c.obj (.data)
                  20000004    00000004     system_msp432p401r.obj (.data)

.stack     0    2000fe00    00000200     UNINITIALIZED
                  2000fe00    00000004     rtsv7M4_T_le_v4SPD16_eabi.lib : boot_cortex_m.c.obj (.stack)
                  2000fe04    000001fc     --HOLE--

__llvm_prf_cnts 
*          0    20000000    00000000     UNINITIALIZED

MODULE SUMMARY

       Module                        code    ro data   rw data
       ------                        ----    -------   -------
    .\
       binary_calculator.obj         1092    0         0      
       system_msp432p401r.obj        820     0         8      
       lcdLib_432.obj                636     0         0      
       main.obj                      284     0         0      
       startup_msp432p401r_ccs.obj   14      228       0      
    +--+-----------------------------+-------+---------+---------+
       Total:                        2846    228       8      
                                                              
    C:\ti\ccs1000\ccs\tools\compiler\ti-cgt-arm_20.2.0.LTS\lib\rtsv7M4_T_le_v4SPD16_eabi.lib
       _printfi.c.obj                4851    0         0      
       fd_add_t2.asm.obj             438     0         0      
       fd_div_t2.asm.obj             310     0         0      
       s_scalbn.c.obj                272     0         0      
       fd_cmp_t2.asm.obj             268     0         0      
       ctype.c.obj                   0       257       0      
       fd_mul_t2.asm.obj             252     0         0      
       memcpy_t2.asm.obj             156     0         0      
       ull_div_t2.asm.obj            150     0         0      
       memset_t2.asm.obj             122     0         0      
       copy_decompress_lzss.c.obj    104     0         0      
       s_frexp.c.obj                 100     0         0      
       sprintf.c.obj                 98      0         0      
       _ltoa.c.obj                   84      0         0      
       atoi.c.obj                    76      0         0      
       fd_toi_t2.asm.obj             72      0         0      
       autoinit.c.obj                68      0         0      
       fs_tod_t2.asm.obj             56      0         0      
       boot_cortex_m.c.obj           52      0         0      
       i_tofd_t2.asm.obj             46      0         0      
       memccpy.c.obj                 28      0         0      
       s_copysign.c.obj              26      0         0      
       strchr.c.obj                  22      0         0      
       strlen.c.obj                  20      0         0      
       wcslen.c.obj                  18      0         0      
       errno.c.obj                   8       0         8      
       copy_decompress_none.c.obj    14      0         0      
       exit.c.obj                    4       0         0      
       pre_init.c.obj                4       0         0      
       div0.asm.obj                  2       0         0      
    +--+-----------------------------+-------+---------+---------+
       Total:                        7721    257       8      
                                                              
       Stack:                        0       0         1024   
       Linker Generated:             0       27        0      
    +--+-----------------------------+-------+---------+---------+
       Grand Total:                  10567   512       1040   


LINKER GENERATED COPY TABLES

__TI_cinit_table @ 00002b4c records: 1, size/record: 8, table size: 8
	.data: load addr=00002b38, load size=0000000b bytes, run addr=20000000, run size=00000008 bytes, compression=lzss


LINKER GENERATED HANDLER TABLE

__TI_handler_table @ 00002b44 records: 2, size/record: 4, table size: 8
	index: 0, handler: __TI_decompress_lzss
	index: 1, handler: __TI_decompress_none


GLOBAL SYMBOLS: SORTED ALPHABETICALLY BY Name 

address   name                          
-------   ----                          
00002a17  ADC14_IRQHandler              
00002a17  AES256_IRQHandler             
00002a17  BusFault_Handler              
00002a31  C$$EXIT                       
00002a17  COMP_E0_IRQHandler            
00002a17  COMP_E1_IRQHandler            
00002a17  CS_IRQHandler                 
00002a17  DMA_ERR_IRQHandler            
00002a17  DMA_INT0_IRQHandler           
00002a17  DMA_INT1_IRQHandler           
00002a17  DMA_INT2_IRQHandler           
00002a17  DMA_INT3_IRQHandler           
00002a17  DebugMon_Handler              
00002a17  Default_Handler               
00002a17  EUSCIA0_IRQHandler            
00002a17  EUSCIA1_IRQHandler            
00002a17  EUSCIA2_IRQHandler            
00002a17  EUSCIA3_IRQHandler            
00002a17  EUSCIB0_IRQHandler            
00002a17  EUSCIB1_IRQHandler            
00002a17  EUSCIB2_IRQHandler            
00002a17  EUSCIB3_IRQHandler            
00002a17  FLCTL_IRQHandler              
00002a17  FPU_IRQHandler                
00002a17  HardFault_Handler             
00002a17  MemManage_Handler             
00002a17  NMI_Handler                   
00002a17  PCM_IRQHandler                
00002a17  PORT1_IRQHandler              
00002a17  PORT2_IRQHandler              
00002a17  PORT3_IRQHandler              
00002a17  PORT4_IRQHandler              
00002a17  PORT5_IRQHandler              
00002a17  PORT6_IRQHandler              
00002a17  PSS_IRQHandler                
00002a17  PendSV_Handler                
00002a17  RTC_C_IRQHandler              
00002a0b  Reset_Handler                 
00002a17  SVC_Handler                   
00002a17  SysTick_Handler               
20000004  SystemCoreClock               
00000f79  SystemCoreClockUpdate         
000011f1  SystemInit                    
00002a17  T32_INT1_IRQHandler           
00002a17  T32_INT2_IRQHandler           
00002a17  T32_INTC_IRQHandler           
00002a17  TA0_0_IRQHandler              
00002a17  TA0_N_IRQHandler              
00002a17  TA1_0_IRQHandler              
00002a17  TA1_N_IRQHandler              
00002a17  TA2_0_IRQHandler              
00002a17  TA2_N_IRQHandler              
00002a17  TA3_0_IRQHandler              
00002a17  TA3_N_IRQHandler              
00002a17  UsageFault_Handler            
4000480c  WDTCTL_SYM                    
00002a17  WDT_A_IRQHandler              
20010000  __STACK_END                   
00000200  __STACK_SIZE                  
00002b4c  __TI_CINIT_Base               
00002b54  __TI_CINIT_Limit              
00002b44  __TI_Handler_Table_Base       
00002b4c  __TI_Handler_Table_Limit      
00002815  __TI_auto_init_nobinit_nopinit
000025b9  __TI_decompress_lzss          
000029fd  __TI_decompress_none          
000026db  __TI_ltoa                     
ffffffff  __TI_pprof_out_hndl           
000000e5  __TI_printfi                  
ffffffff  __TI_prof_data_size           
ffffffff  __TI_prof_data_start          
00000000  __TI_static_base__            
000023c5  __aeabi_cdcmpeq               
000023c5  __aeabi_cdcmple               
0000244b  __aeabi_cdrcmple              
000027cd  __aeabi_d2iz                  
00001973  __aeabi_dadd                  
00001c5d  __aeabi_ddiv                  
000020e5  __aeabi_dmul                  
00001969  __aeabi_dsub                  
00002a25  __aeabi_errno_addr            
000028d7  __aeabi_f2d                   
00002945  __aeabi_i2d                   
00000b33  __aeabi_idiv0                 
00000b33  __aeabi_ldiv0                 
000024d1  __aeabi_memclr                
000024d1  __aeabi_memclr4               
000024d1  __aeabi_memclr8               
00002293  __aeabi_memcpy                
00002293  __aeabi_memcpy4               
00002293  __aeabi_memcpy8               
000024d3  __aeabi_memset                
000024d3  __aeabi_memset4               
000024d3  __aeabi_memset8               
0000232f  __aeabi_uldivmod              
ffffffff  __binit__                     
ffffffff  __c_args__                    
UNDEFED   __mpu_init                    
2000fe00  __stack                       
20000000  __start___llvm_prf_cnts       
20000000  __stop___llvm_prf_cnts        
00002911  _c_int00_noargs               
00002a34  _ctypes_                      
UNDEFED   _system_post_cinit            
00002a2d  _system_pre_init              
00002a31  abort                         
00002781  atoi                          
00000b7d  bcd_button_setup              
ffffffff  binit                         
0000298f  copysign                      
0000298f  copysignl                     
0000148b  custom_char                   
00000e79  display                       
00000bc5  enter_button_setup            
20000000  errno                         
00002621  frexp                         
00002621  frexpl                        
00000cef  get_operand                   
00000d3f  get_result                    
00000000  interruptVectors              
00001481  lcdClear                      
000012ad  lcdInit                       
0000145d  lcdSetInt                     
000013e9  lcdSetText                    
00001331  lcdTriggerEN                  
00001397  lcdWriteCmd                   
00001347  lcdWriteData                  
00001fd5  ldexp                         
00001fd5  ldexpl                        
00000e0f  led_init                      
00001eb9  main                          
00002973  memccpy                       
00002293  memcpy                        
000024d9  memset                        
00000b35  operand_button_setup          
000014c1  print_custom                  
00000c57  read_bcd                      
00000cc5  read_enter                    
00000c0d  read_operand                  
00001fd5  scalbn                        
00001fd5  scalbnl                       
00002859  sprintf                       
000029c1  strchr                        
000029d7  strlen                        
00000de1  wait                          
000029eb  wcslen                        


GLOBAL SYMBOLS: SORTED BY Symbol Address 

address   name                          
-------   ----                          
00000000  __TI_static_base__            
00000000  interruptVectors              
000000e5  __TI_printfi                  
00000200  __STACK_SIZE                  
00000b33  __aeabi_idiv0                 
00000b33  __aeabi_ldiv0                 
00000b35  operand_button_setup          
00000b7d  bcd_button_setup              
00000bc5  enter_button_setup            
00000c0d  read_operand                  
00000c57  read_bcd                      
00000cc5  read_enter                    
00000cef  get_operand                   
00000d3f  get_result                    
00000de1  wait                          
00000e0f  led_init                      
00000e79  display                       
00000f79  SystemCoreClockUpdate         
000011f1  SystemInit                    
000012ad  lcdInit                       
00001331  lcdTriggerEN                  
00001347  lcdWriteData                  
00001397  lcdWriteCmd                   
000013e9  lcdSetText                    
0000145d  lcdSetInt                     
00001481  lcdClear                      
0000148b  custom_char                   
000014c1  print_custom                  
00001969  __aeabi_dsub                  
00001973  __aeabi_dadd                  
00001c5d  __aeabi_ddiv                  
00001eb9  main                          
00001fd5  ldexp                         
00001fd5  ldexpl                        
00001fd5  scalbn                        
00001fd5  scalbnl                       
000020e5  __aeabi_dmul                  
00002293  __aeabi_memcpy                
00002293  __aeabi_memcpy4               
00002293  __aeabi_memcpy8               
00002293  memcpy                        
0000232f  __aeabi_uldivmod              
000023c5  __aeabi_cdcmpeq               
000023c5  __aeabi_cdcmple               
0000244b  __aeabi_cdrcmple              
000024d1  __aeabi_memclr                
000024d1  __aeabi_memclr4               
000024d1  __aeabi_memclr8               
000024d3  __aeabi_memset                
000024d3  __aeabi_memset4               
000024d3  __aeabi_memset8               
000024d9  memset                        
000025b9  __TI_decompress_lzss          
00002621  frexp                         
00002621  frexpl                        
000026db  __TI_ltoa                     
00002781  atoi                          
000027cd  __aeabi_d2iz                  
00002815  __TI_auto_init_nobinit_nopinit
00002859  sprintf                       
000028d7  __aeabi_f2d                   
00002911  _c_int00_noargs               
00002945  __aeabi_i2d                   
00002973  memccpy                       
0000298f  copysign                      
0000298f  copysignl                     
000029c1  strchr                        
000029d7  strlen                        
000029eb  wcslen                        
000029fd  __TI_decompress_none          
00002a0b  Reset_Handler                 
00002a17  ADC14_IRQHandler              
00002a17  AES256_IRQHandler             
00002a17  BusFault_Handler              
00002a17  COMP_E0_IRQHandler            
00002a17  COMP_E1_IRQHandler            
00002a17  CS_IRQHandler                 
00002a17  DMA_ERR_IRQHandler            
00002a17  DMA_INT0_IRQHandler           
00002a17  DMA_INT1_IRQHandler           
00002a17  DMA_INT2_IRQHandler           
00002a17  DMA_INT3_IRQHandler           
00002a17  DebugMon_Handler              
00002a17  Default_Handler               
00002a17  EUSCIA0_IRQHandler            
00002a17  EUSCIA1_IRQHandler            
00002a17  EUSCIA2_IRQHandler            
00002a17  EUSCIA3_IRQHandler            
00002a17  EUSCIB0_IRQHandler            
00002a17  EUSCIB1_IRQHandler            
00002a17  EUSCIB2_IRQHandler            
00002a17  EUSCIB3_IRQHandler            
00002a17  FLCTL_IRQHandler              
00002a17  FPU_IRQHandler                
00002a17  HardFault_Handler             
00002a17  MemManage_Handler             
00002a17  NMI_Handler                   
00002a17  PCM_IRQHandler                
00002a17  PORT1_IRQHandler              
00002a17  PORT2_IRQHandler              
00002a17  PORT3_IRQHandler              
00002a17  PORT4_IRQHandler              
00002a17  PORT5_IRQHandler              
00002a17  PORT6_IRQHandler              
00002a17  PSS_IRQHandler                
00002a17  PendSV_Handler                
00002a17  RTC_C_IRQHandler              
00002a17  SVC_Handler                   
00002a17  SysTick_Handler               
00002a17  T32_INT1_IRQHandler           
00002a17  T32_INT2_IRQHandler           
00002a17  T32_INTC_IRQHandler           
00002a17  TA0_0_IRQHandler              
00002a17  TA0_N_IRQHandler              
00002a17  TA1_0_IRQHandler              
00002a17  TA1_N_IRQHandler              
00002a17  TA2_0_IRQHandler              
00002a17  TA2_N_IRQHandler              
00002a17  TA3_0_IRQHandler              
00002a17  TA3_N_IRQHandler              
00002a17  UsageFault_Handler            
00002a17  WDT_A_IRQHandler              
00002a25  __aeabi_errno_addr            
00002a2d  _system_pre_init              
00002a31  C$$EXIT                       
00002a31  abort                         
00002a34  _ctypes_                      
00002b44  __TI_Handler_Table_Base       
00002b4c  __TI_CINIT_Base               
00002b4c  __TI_Handler_Table_Limit      
00002b54  __TI_CINIT_Limit              
20000000  __start___llvm_prf_cnts       
20000000  __stop___llvm_prf_cnts        
20000000  errno                         
20000004  SystemCoreClock               
2000fe00  __stack                       
20010000  __STACK_END                   
4000480c  WDTCTL_SYM                    
ffffffff  __TI_pprof_out_hndl           
ffffffff  __TI_prof_data_size           
ffffffff  __TI_prof_data_start          
ffffffff  __binit__                     
ffffffff  __c_args__                    
ffffffff  binit                         
UNDEFED   __mpu_init                    
UNDEFED   _system_post_cinit            

[146 symbols]
